// Jest Snapshot v1, https://goo.gl/fbAQLP

exports[`Prueba de GifGridItem debe mostrar el componente <GifGridItem />> correctamente 1`] = `
<div
  className="card animate__animated animate__headShake"
>
  <img
    alt="mi titulo"
    src="https://localhost/algo.jpg"
  />
  <p>
    mi titulo
  </p>
</div>
`;
